src/lib/supabase/services.ts(35,10): error TS2769: No overload matches this call.
  Overload 1 of 2, '(values: never, options?: { onConflict?: string; ignoreDuplicates?: boolean; count?: "exact" | "planned" | "estimated"; }): PostgrestFilterBuilder<{ PostgrestVersion: "12"; }, never, never, null, "weekly_goals", never, "POST">', gave the following error.
    Argument of type '{ user_id: string; category_id: string; target_hours: number; }' is not assignable to parameter of type 'never'.
  Overload 2 of 2, '(values: never[], options?: { onConflict?: string; ignoreDuplicates?: boolean; count?: "exact" | "planned" | "estimated"; defaultToNull?: boolean; }): PostgrestFilterBuilder<{ PostgrestVersion: "12"; }, never, ... 4 more ..., "POST">', gave the following error.
    Object literal may only specify known properties, and 'user_id' does not exist in type 'never[]'.
src/lib/supabase/services.ts(94,10): error TS2769: No overload matches this call.
  Overload 1 of 2, '(values: never, options?: { count?: "exact" | "planned" | "estimated"; }): PostgrestFilterBuilder<{ PostgrestVersion: "12"; }, never, never, null, "time_logs", never, "POST">', gave the following error.
    Argument of type '{ user_id: string; category_id: string; subcategory_id: string; duration_minutes: number; work_type: "deep" | "shallow"; started_at: string; ended_at: string; notes: string; }' is not assignable to parameter of type 'never'.
  Overload 2 of 2, '(values: never[], options?: { count?: "exact" | "planned" | "estimated"; defaultToNull?: boolean; }): PostgrestFilterBuilder<{ PostgrestVersion: "12"; }, never, never, null, "time_logs", never, "POST">', gave the following error.
    Object literal may only specify known properties, and 'user_id' does not exist in type 'never[]'.
src/lib/supabase/services.ts(145,10): error TS2769: No overload matches this call.
  Overload 1 of 2, '(values: never, options?: { count?: "exact" | "planned" | "estimated"; }): PostgrestFilterBuilder<{ PostgrestVersion: "12"; }, never, never, null, "time_logs", never, "POST">', gave the following error.
    Argument of type '{ user_id: string; category_id: string; subcategory_id: null; duration_minutes: number; work_type: "other" | "deep" | "shallow"; started_at: string; ended_at: string; notes: string; }' is not assignable to parameter of type 'never'.
  Overload 2 of 2, '(values: never[], options?: { count?: "exact" | "planned" | "estimated"; defaultToNull?: boolean; }): PostgrestFilterBuilder<{ PostgrestVersion: "12"; }, never, never, null, "time_logs", never, "POST">', gave the following error.
    Object literal may only specify known properties, and 'user_id' does not exist in type 'never[]'.
src/lib/supabase/services.ts(196,36): error TS2339: Property 'started_at' does not exist on type 'never'.
src/lib/supabase/services.ts(202,17): error TS2345: Argument of type '{ duration_minutes: number; ended_at: string; }' is not assignable to parameter of type 'never'.
